Build target 'AI8051U_32bit'
compiling isr.c...
compiling main.c...
compiling a_run.c...
compiling a_run_mode.c...
compiling ADC.c...
compiling FUYA.c...
compiling imu.c...
compiling int_user.c...
compiling debug_view.c...
compiling eeprom.c...
compiling menu.c...
compiling filter.c...
compiling key.c...
compiling motor.c...
compiling pid.c...
compiling test.c...
compiling vofa.c...
compiling soft_timer.c...
compiling speed_loop_autotune_adapter.c...
compiling host_autotune_command.c...
compiling speed_loop_trial.c...
compiling host_service.c...
compiling host_transport.c...
compiling autotune_runtime.c...
compiling autotune_token_registry.c...
compiling air_dual_mode.c...
compiling ground_dual_mode.c...
compiling pwm_identify_mode.c...
compiling autotune_binding.c...
compiling autotune_port.c...
compiling autotune_pid_core.c...
compiling autotune_component.c...
linking...
Program Size: data=8.3 edata+hdata=1792 xdata=5577 const=3548 code=48533
creating hex file from ".\out_file\SEEKFREE"...
".\out_file\SEEKFREE" - 0 Error(s), 0 Warning(s).
Build Time Elapsed:  00:00:05
