Build target 'AI8051U_32bit'
compiling host_autotune_command.c...
compiling speed_loop_trial.c...
compiling host_service.c...
compiling autotune_runtime.c...
compiling autotune_token_registry.c...
compiling air_dual_mode.c...
compiling ground_dual_mode.c...
compiling pwm_identify_mode.c...
compiling autotune_binding.c...
compiling autotune_port.c...
compiling autotune_pid_core.c...
compiling autotune_component.c...
compiling autotune_project_binding.c...
compiling autotune_project_port.c...
linking...
Program Size: data=8.3 edata+hdata=1792 xdata=5399 const=3757 code=48063
creating hex file from ".\out_file\SEEKFREE"...
".\out_file\SEEKFREE" - 0 Error(s), 0 Warning(s).
Build Time Elapsed:  00:00:03
