Build target 'AI8051U_32bit'
compiling zf_device_imu660rc.c...
compiling isr.c...
compiling main.c...
compiling a_run.c...
compiling a_run_mode.c...
compiling ADC.c...
compiling FUYA.c...
..\user\FUYA.c(147): warning C183: dead assignment eliminated
compiling imu.c...
..\user\imu.c(112): warning C138: expression with possibly no effect
..\user\imu.c(113): warning C138: expression with possibly no effect
..\user\imu.c(114): warning C138: expression with possibly no effect
..\user\imu.c(67): warning C183: dead assignment eliminated
compiling int_user.c...
compiling debug_view.c...
compiling eeprom.c...
compiling menu.c...
..\service\menu.c(171): warning C183: dead assignment eliminated
..\service\menu.c(187): warning C183: dead assignment eliminated
compiling filter.c...
compiling key.c...
compiling motor.c...
..\service\motor.c(46): warning C177: unreachable code
..\service\motor.c(48): warning C177: unreachable code
..\service\motor.c(51): warning C177: unreachable code
..\service\motor.c(53): warning C177: unreachable code
..\service\motor.c(56): warning C177: unreachable code
..\service\motor.c(56): warning C177: unreachable code
..\service\motor.c(58): warning C177: unreachable code
..\service\motor.c(61): warning C177: unreachable code
..\service\motor.c(64): warning C177: unreachable code
..\service\motor.c(67): warning C177: unreachable code
..\service\motor.c(69): warning C177: unreachable code
..\service\motor.c(72): warning C177: unreachable code
..\service\motor.c(72): warning C177: unreachable code
..\service\motor.c(74): warning C177: unreachable code
..\service\motor.c(77): warning C177: unreachable code
..\service\motor.c(77): warning C177: unreachable code
..\service\motor.c(79): warning C177: unreachable code
..\service\motor.c(82): warning C177: unreachable code
..\service\motor.c(85): warning C177: unreachable code
..\service\motor.c(88): warning C177: unreachable code
..\service\motor.c(91): warning C177: unreachable code
..\service\motor.c(94): warning C177: unreachable code
..\service\motor.c(97): warning C177: unreachable code
..\service\motor.c(99): warning C177: unreachable code
..\service\motor.c(101): warning C177: unreachable code
..\service\motor.c(103): warning C177: unreachable code
..\service\motor.c(106): warning C177: unreachable code
..\service\motor.c(58): warning C177: unreachable code
..\service\motor.c(62): warning C177: unreachable code
..\service\motor.c(103): warning C177: unreachable code
..\service\motor.c(106): warning C177: unreachable code
..\service\motor.c(106): warning C177: unreachable code
compiling pid.c...
compiling test.c...
compiling vofa.c...
compiling soft_timer.c...
compiling speed_loop_autotune_adapter.c...
compiling host_autotune_command.c...
compiling speed_loop_trial.c...
compiling host_service.c...
compiling host_transport.c...
compiling autotune_runtime.c...
compiling autotune_token_registry.c...
compiling air_dual_mode.c...
compiling ground_dual_mode.c...
compiling pwm_identify_mode.c...
compiling autotune_binding.c...
compiling autotune_port.c...
compiling autotune_pid_core.c...
compiling autotune_component.c...
linking...
Program Size: data=8.1 edata+hdata=1792 xdata=2811 const=4589 code=42412
creating hex file from ".\out_file\SEEKFREE"...
".\out_file\SEEKFREE" - 0 Error(s), 39 Warning(s).
Build Time Elapsed:  00:00:06
